mode: set
github.com/bbrighter/dreams-api/store/testHelper.go:10.57,15.36 4 1
github.com/bbrighter/dreams-api/store/testHelper.go:26.2,26.26 1 1
github.com/bbrighter/dreams-api/store/testHelper.go:15.36,25.3 7 1
github.com/bbrighter/dreams-api/store/testHelper.go:29.36,33.2 3 1
github.com/bbrighter/dreams-api/store/dreams.go:14.47,16.52 2 1
github.com/bbrighter/dreams-api/store/dreams.go:19.2,19.20 1 1
github.com/bbrighter/dreams-api/store/dreams.go:16.52,18.3 1 0
github.com/bbrighter/dreams-api/store/dreams.go:22.51,25.26 3 1
github.com/bbrighter/dreams-api/store/dreams.go:28.2,28.24 1 1
github.com/bbrighter/dreams-api/store/dreams.go:25.26,27.3 1 1
github.com/bbrighter/dreams-api/store/dreams.go:31.57,32.53 1 1
github.com/bbrighter/dreams-api/store/dreams.go:35.2,35.22 1 1
github.com/bbrighter/dreams-api/store/dreams.go:32.53,34.3 1 0
github.com/bbrighter/dreams-api/store/dreams.go:38.49,40.26 2 1
github.com/bbrighter/dreams-api/store/dreams.go:43.2,43.17 1 1
github.com/bbrighter/dreams-api/store/dreams.go:40.26,42.3 1 1
github.com/bbrighter/dreams-api/store/dreams.go:46.45,48.26 2 1
github.com/bbrighter/dreams-api/store/dreams.go:51.2,51.17 1 1
github.com/bbrighter/dreams-api/store/dreams.go:48.26,50.3 1 1
github.com/bbrighter/dreams-api/store/migration.go:18.36,35.4 3 1
github.com/bbrighter/dreams-api/store/migration.go:36.37,37.60 1 0
github.com/bbrighter/dreams-api/store/migration.go:40.4,40.58 1 0
github.com/bbrighter/dreams-api/store/migration.go:43.4,43.14 1 0
github.com/bbrighter/dreams-api/store/migration.go:37.60,39.5 1 0
github.com/bbrighter/dreams-api/store/migration.go:40.58,42.5 1 0
github.com/bbrighter/dreams-api/store/migration.go:48.59,50.2 1 1
github.com/bbrighter/dreams-api/store/migration.go:52.33,54.36 2 1
github.com/bbrighter/dreams-api/store/migration.go:58.2,59.12 2 1
github.com/bbrighter/dreams-api/store/migration.go:54.36,57.3 2 0
github.com/bbrighter/dreams-api/store/migration.go:62.55,64.49 2 0
github.com/bbrighter/dreams-api/store/migration.go:68.2,69.12 2 0
github.com/bbrighter/dreams-api/store/migration.go:64.49,67.3 2 0
github.com/bbrighter/dreams-api/store/migration.go:72.34,74.41 2 0
github.com/bbrighter/dreams-api/store/migration.go:78.2,79.12 2 0
github.com/bbrighter/dreams-api/store/migration.go:74.41,77.3 2 0
github.com/bbrighter/dreams-api/store/repo.go:12.35,15.2 2 1
github.com/bbrighter/dreams-api/store/repo.go:17.43,20.2 2 1
github.com/bbrighter/dreams-api/store/tags.go:9.51,12.2 2 0
github.com/bbrighter/dreams-api/controller/testHelper.go:14.67,20.2 4 1
github.com/bbrighter/dreams-api/controller/testHelper.go:22.36,24.2 1 1
github.com/bbrighter/dreams-api/controller/testHelper.go:26.103,32.2 5 1
github.com/bbrighter/dreams-api/controller/controller.go:12.49,14.2 1 1
github.com/bbrighter/dreams-api/controller/controller.go:16.39,17.30 1 1
github.com/bbrighter/dreams-api/controller/controller.go:17.30,25.36 7 1
github.com/bbrighter/dreams-api/controller/controller.go:29.3,29.11 1 1
github.com/bbrighter/dreams-api/controller/controller.go:25.36,28.4 2 0
github.com/bbrighter/dreams-api/controller/controller.go:33.46,43.2 8 1
github.com/bbrighter/dreams-api/controller/dreams_api.go:10.49,12.16 2 1
github.com/bbrighter/dreams-api/controller/dreams_api.go:16.2,16.55 1 1
github.com/bbrighter/dreams-api/controller/dreams_api.go:12.16,15.3 2 0
github.com/bbrighter/dreams-api/controller/dreams_api.go:19.51,21.42 2 1
github.com/bbrighter/dreams-api/controller/dreams_api.go:25.2,25.24 1 1
github.com/bbrighter/dreams-api/controller/dreams_api.go:29.2,30.16 2 1
github.com/bbrighter/dreams-api/controller/dreams_api.go:34.2,34.32 1 1
github.com/bbrighter/dreams-api/controller/dreams_api.go:21.42,24.3 2 0
github.com/bbrighter/dreams-api/controller/dreams_api.go:25.24,28.3 2 1
github.com/bbrighter/dreams-api/controller/dreams_api.go:30.16,33.3 2 0
github.com/bbrighter/dreams-api/controller/dreams_api.go:37.51,39.42 2 1
github.com/bbrighter/dreams-api/controller/dreams_api.go:43.2,46.16 3 1
github.com/bbrighter/dreams-api/controller/dreams_api.go:50.2,52.52 2 1
github.com/bbrighter/dreams-api/controller/dreams_api.go:56.2,56.25 1 1
github.com/bbrighter/dreams-api/controller/dreams_api.go:39.42,42.3 2 0
github.com/bbrighter/dreams-api/controller/dreams_api.go:46.16,49.3 2 1
github.com/bbrighter/dreams-api/controller/dreams_api.go:52.52,55.3 2 0
github.com/bbrighter/dreams-api/controller/dreams_api.go:59.48,61.16 2 1
github.com/bbrighter/dreams-api/controller/dreams_api.go:65.2,66.26 2 1
github.com/bbrighter/dreams-api/controller/dreams_api.go:70.2,70.16 1 1
github.com/bbrighter/dreams-api/controller/dreams_api.go:74.2,74.52 1 1
github.com/bbrighter/dreams-api/controller/dreams_api.go:61.16,64.3 2 1
github.com/bbrighter/dreams-api/controller/dreams_api.go:66.26,69.3 2 1
github.com/bbrighter/dreams-api/controller/dreams_api.go:70.16,73.3 2 0
github.com/bbrighter/dreams-api/controller/dreams_api.go:77.51,79.16 2 1
github.com/bbrighter/dreams-api/controller/dreams_api.go:83.2,84.26 2 1
github.com/bbrighter/dreams-api/controller/dreams_api.go:88.2,88.16 1 1
github.com/bbrighter/dreams-api/controller/dreams_api.go:92.2,92.25 1 1
github.com/bbrighter/dreams-api/controller/dreams_api.go:79.16,82.3 2 1
github.com/bbrighter/dreams-api/controller/dreams_api.go:84.26,87.3 2 1
github.com/bbrighter/dreams-api/controller/dreams_api.go:88.16,91.3 2 0
github.com/bbrighter/dreams-api/controller/dto.go:16.68,18.29 2 1
github.com/bbrighter/dreams-api/controller/dto.go:21.2,24.3 1 1
github.com/bbrighter/dreams-api/controller/dto.go:18.29,20.3 1 1
github.com/bbrighter/dreams-api/controller/dto.go:37.56,43.2 1 1
github.com/bbrighter/dreams-api/controller/dto.go:45.66,47.27 2 1
github.com/bbrighter/dreams-api/controller/dto.go:51.2,51.41 1 1
github.com/bbrighter/dreams-api/controller/dto.go:47.27,50.3 2 1
github.com/bbrighter/dreams-api/controller/errorMessages.go:5.48,7.2 1 1
